// Jest Snapshot v1, https://goo.gl/fbAQLP

exports[`Calculator should render the component 1`] = `
<div
  className="calcText"
>
  <h2>
    Let's do some math!
  </h2>
  <div
    className="calc"
  >
    <div
      className="input"
    >
      0
    </div>
    <div
      className="row"
    >
      <button
        className="btn "
        onClick={[Function]}
        type="button"
      >
        AC
      </button>
      <button
        className="btn "
        onClick={[Function]}
        type="button"
      >
        +/-
      </button>
      <button
        className="btn "
        onClick={[Function]}
        type="button"
      >
        %
      </button>
      <button
        className="btn orangeColor"
        onClick={[Function]}
        type="button"
      >
        ÷
      </button>
    </div>
    <div
      className="row"
    >
      <button
        className="btn "
        onClick={[Function]}
        type="button"
      >
        7
      </button>
      <button
        className="btn "
        onClick={[Function]}
        type="button"
      >
        8
      </button>
      <button
        className="btn "
        onClick={[Function]}
        type="button"
      >
        9
      </button>
      <button
        className="btn orangeColor"
        onClick={[Function]}
        type="button"
      >
        x
      </button>
    </div>
    <div
      className="row"
    >
      <button
        className="btn "
        onClick={[Function]}
        type="button"
      >
        4
      </button>
      <button
        className="btn "
        onClick={[Function]}
        type="button"
      >
        5
      </button>
      <button
        className="btn "
        onClick={[Function]}
        type="button"
      >
        6
      </button>
      <button
        className="btn orangeColor"
        onClick={[Function]}
        type="button"
      >
        -
      </button>
    </div>
    <div
      className="row"
    >
      <button
        className="btn "
        onClick={[Function]}
        type="button"
      >
        1
      </button>
      <button
        className="btn "
        onClick={[Function]}
        type="button"
      >
        2
      </button>
      <button
        className="btn "
        onClick={[Function]}
        type="button"
      >
        3
      </button>
      <button
        className="btn orangeColor"
        onClick={[Function]}
        type="button"
      >
        +
      </button>
    </div>
    <div
      className="row"
    >
      <button
        className="zeroBtn btn "
        onClick={[Function]}
        type="button"
      >
        0
      </button>
      <button
        className="btn "
        onClick={[Function]}
        type="button"
      >
        .
      </button>
      <button
        className="btn orangeColor"
        onClick={[Function]}
        type="button"
      >
        =
      </button>
    </div>
  </div>
</div>
`;

exports[`Quotes should render the component 1`] = `
Array [
  <div
    className="double-quotes"
  >
    “
  </div>,
  <div
    className="quoteContainer"
  >
    <p />
  </div>,
]
`;
